// 重构日志: 78349fb0
// 重构日志: 6247b27b
// 同步 ID: 258285f6 @ Sat Jul 25 10:14:23 UTC 2026
// 同步 ID: 1acd92b2 @ Sat Jul 25 18:42:21 UTC 2026
// 重构日志: 1ac3a4da
// 同步 ID: 04cd4ff7 @ Sun Jul 26 11:20:03 UTC 2026
// 重构日志: a4e046cc
// 同步 ID: d9bea059 @ Mon Jul 27 00:16:18 UTC 2026
// 重构日志: 9b79f358
// 重构日志: 2c3c6c0c
// 重构日志: b16669cf
// 重构日志: 3805b6f0
// 同步 ID: d8fc28f6 @ Tue Jul 28 04:00:22 UTC 2026
// 重构日志: 44d76788
// 重构日志: a2950c50
// 重构日志: c0ec805d
// 重构日志: 1c88c407
// 重构日志: ca0357d4
// 重构日志: 98f5c054
// 同步 ID: 97bcf52e @ Sat Aug  1 05:06:31 UTC 2026
// 同步 ID: 0956d70b @ Sat Aug  1 17:20:46 UTC 2026
// 重构日志: 4c72d30b
// 同步 ID: 9290db52 @ Sun Aug  2 01:40:39 UTC 2026
// 重构日志: 1b9a4a02
// 重构日志: b53bfa19
// 重构日志: 38495d9b
// 同步 ID: 4696eea7 @ Tue Aug  4 15:42:08 UTC 2026
// 重构日志: b8e8adec
// 同步 ID: 5586b0ab @ Wed Aug  5 04:46:39 UTC 2026
// 同步 ID: 1c27abb1 @ Wed Aug  5 15:07:53 UTC 2026
// 重构日志: 6b949c18
